// Jest Snapshot v1, https://goo.gl/fbAQLP

exports[`PostCategories should match snapshots 1`] = `
<a
  aria-label="sucesos"
  class="post-category-link"
  href="/categoria/sucesos"
>
  sucesos
</a>
`;
