// Jest Snapshot v1, https://goo.gl/fbAQLP

exports[`SectionSeparator should match snapshots 1`] = `
<hr
  class="border-slate-200-2 mt-28 mb-24 border-solid"
/>
`;
