// Jest Snapshot v1, https://goo.gl/fbAQLP

exports[`Header component should match snapshot 1`] = `
<div>
  <h2
    class="bg-primary mt-8 mb-20 text-2xl font-bold"
  >
    <a
      class="hover:underline"
      href="/"
    >
      Blog
    </a>
    .
  </h2>
</div>
`;
