// Jest Snapshot v1, https://goo.gl/fbAQLP

exports[`Meta should match snapshots 1`] = `
<meta
  charset="utf-8"
/>
`;
