// Jest Snapshot v1, https://goo.gl/fbAQLP

exports[`PostBody should match snapshots 1`] = `
<div
  class="capital content capital-letter post-body mx-auto max-w-2xl"
>
  <p>
    Lorem ipsum
  </p>
</div>
`;
