// Jest Snapshot v1, https://goo.gl/fbAQLP

exports[`AdDfpSlot should match snapshots 1`] = `
<div
  class="bloque-adv"
>
  <div
    class="ad-slot"
    id="12456789-0"
    style="width: inherit; height: inherit;"
  />
</div>
`;
