// Jest Snapshot v1, https://goo.gl/fbAQLP

exports[`PageTitle should match snapshots 1`] = `
<div
  class="page-title"
>
  <div
    class="container text-left"
  >
    <h1
      class="page-title-heading"
    >
      <span>
        Post title
      </span>
    </h1>
  </div>
</div>
`;
